// Jest Snapshot v1, https://goo.gl/fbAQLP

exports[`should matches DOM snapshot correctly 1`] = `
Object {
  "asFragment": [Function],
  "baseElement": <body>
    <div>
      <div
        class="modal"
        data-testid="modal"
      >
        <div
          class="modal-top"
        >
          <span
            class="close-button"
          >
            x
          </span>
          <div
            class="header"
            data-testid="modal-header"
          >
            modal-header
          </div>
        </div>
        <div
          class="modal-bottom"
        >
          <div
            class="text"
            data-testid="modal-text"
          />
          <div
            class="actions"
          />
        </div>
      </div>
      <div
        class="transparent"
      />
    </div>
  </body>,
  "container": <div>
    <div
      class="modal"
      data-testid="modal"
    >
      <div
        class="modal-top"
      >
        <span
          class="close-button"
        >
          x
        </span>
        <div
          class="header"
          data-testid="modal-header"
        >
          modal-header
        </div>
      </div>
      <div
        class="modal-bottom"
      >
        <div
          class="text"
          data-testid="modal-text"
        />
        <div
          class="actions"
        />
      </div>
    </div>
    <div
      class="transparent"
    />
  </div>,
  "debug": [Function],
  "findAllByAltText": [Function],
  "findAllByDisplayValue": [Function],
  "findAllByLabelText": [Function],
  "findAllByPlaceholderText": [Function],
  "findAllByRole": [Function],
  "findAllByTestId": [Function],
  "findAllByText": [Function],
  "findAllByTitle": [Function],
  "findByAltText": [Function],
  "findByDisplayValue": [Function],
  "findByLabelText": [Function],
  "findByPlaceholderText": [Function],
  "findByRole": [Function],
  "findByTestId": [Function],
  "findByText": [Function],
  "findByTitle": [Function],
  "getAllByAltText": [Function],
  "getAllByDisplayValue": [Function],
  "getAllByLabelText": [Function],
  "getAllByPlaceholderText": [Function],
  "getAllByRole": [Function],
  "getAllByTestId": [Function],
  "getAllByText": [Function],
  "getAllByTitle": [Function],
  "getByAltText": [Function],
  "getByDisplayValue": [Function],
  "getByLabelText": [Function],
  "getByPlaceholderText": [Function],
  "getByRole": [Function],
  "getByTestId": [Function],
  "getByText": [Function],
  "getByTitle": [Function],
  "queryAllByAltText": [Function],
  "queryAllByDisplayValue": [Function],
  "queryAllByLabelText": [Function],
  "queryAllByPlaceholderText": [Function],
  "queryAllByRole": [Function],
  "queryAllByTestId": [Function],
  "queryAllByText": [Function],
  "queryAllByTitle": [Function],
  "queryByAltText": [Function],
  "queryByDisplayValue": [Function],
  "queryByLabelText": [Function],
  "queryByPlaceholderText": [Function],
  "queryByRole": [Function],
  "queryByTestId": [Function],
  "queryByText": [Function],
  "queryByTitle": [Function],
  "rerender": [Function],
  "unmount": [Function],
}
`;
